Added to the sys.path: /lustre/home/leejv2/git_repos
Starting run
🚀 Training on device: cuda
Loading 'train' dataset into memory...
Loading 'val' dataset into memory...
Epoch 01/50 [129.8s] | Train Loss: 1925347415891943424.0000 (Recon: 1924972108049305856.0000, Conc MSE: 37519002079214.5781) | Val Loss: 3017647470.7541 (Recon: 3017441138.1207, Conc MSE: 20535.7542)
Epoch 02/50 [109.6s] | Train Loss: 1924939787003664896.0000 (Recon: 1924939488805673984.0000, Conc MSE: 30461810474.1877) | Val Loss: 3017541845.9967 (Recon: 3017441505.3530, Conc MSE: 9959.9060)
Epoch 03/50 [108.4s] | Train Loss: 1924939456492442880.0000 (Recon: 1924939078606012928.0000, Conc MSE: 38390311284.3762) | Val Loss: 3017480568.6510 (Recon: 3017439521.7391, Conc MSE: 4042.1578)
Epoch 04/50 [109.7s] | Train Loss: 1924936446691914752.0000 (Recon: 1924933313943328512.0000, Conc MSE: 313413862007.1315) | Val Loss: 3017468551.5574 (Recon: 3017441189.6809, Conc MSE: 2667.7388)
Epoch 05/50 [111.1s] | Train Loss: 1924936409648449792.0000 (Recon: 1924933239195021568.0000, Conc MSE: 317356308525.3814) | Val Loss: 3017492663.4563 (Recon: 3017441691.6616, Conc MSE: 5049.0283)
Epoch 06/50 [109.2s] | Train Loss: 1924936346834240768.0000 (Recon: 1924933201498099968.0000, Conc MSE: 314677330598.0970) | Val Loss: 3017529219.7126 (Recon: 3017441033.4337, Conc MSE: 8774.8378)
Epoch 07/50 [108.9s] | Train Loss: 1924936231469051392.0000 (Recon: 1924933068955714560.0000, Conc MSE: 316267403156.3944) | Val Loss: 3017486827.4494 (Recon: 3017441028.6896, Conc MSE: 4546.9512)
Epoch 08/50 [110.8s] | Train Loss: 1924936130559114240.0000 (Recon: 1924932961093395200.0000, Conc MSE: 317377653111.8111) | Val Loss: 3017536418.7196 (Recon: 3017441231.9063, Conc MSE: 9496.6427)
Epoch 09/50 [110.0s] | Train Loss: 1924936122230908672.0000 (Recon: 1924932942309488128.0000, Conc MSE: 318223040487.0608) | Val Loss: 3017495130.2325 (Recon: 3017440894.5031, Conc MSE: 5400.7847)
Epoch 10/50 [111.1s] | Train Loss: 1924936105637665280.0000 (Recon: 1924932926412473088.0000, Conc MSE: 317874376069.6970) | Val Loss: 3017503560.0187 (Recon: 3017441458.3449, Conc MSE: 6194.2454)
Epoch 11/50 [110.7s] | Train Loss: 1924936088308095232.0000 (Recon: 1924932916668444928.0000, Conc MSE: 317257952851.8673) | Val Loss: 3017492941.5026 (Recon: 3017440528.5720, Conc MSE: 5228.4127)
Epoch 12/50 [110.8s] | Train Loss: 1924936093811486976.0000 (Recon: 1924932920171566336.0000, Conc MSE: 317330667616.7707) | Val Loss: 3017492517.0113 (Recon: 3017440634.3448, Conc MSE: 5175.2820)
Epoch 13/50 [110.6s] | Train Loss: 1924936090813903360.0000 (Recon: 1924932915369650432.0000, Conc MSE: 317665028969.2967) | Val Loss: 3017491227.9536 (Recon: 3017436482.2651, Conc MSE: 5456.0067)
Epoch 14/50 [111.0s] | Train Loss: 1924936087881665280.0000 (Recon: 1924932915913603584.0000, Conc MSE: 317162722516.2664) | Val Loss: 3017486926.4822 (Recon: 3017427742.6001, Conc MSE: 5904.4001)
Epoch 15/50 [110.4s] | Train Loss: 1924936080026918912.0000 (Recon: 1924932907507181312.0000, Conc MSE: 317312983510.1032) | Val Loss: 3017477950.1801 (Recon: 3017423438.7579, Conc MSE: 5439.8947)
Epoch 16/50 [110.8s] | Train Loss: 1924936081409672704.0000 (Recon: 1924932906772537856.0000, Conc MSE: 317468720742.3504) | Val Loss: 3017473960.3565 (Recon: 3017416066.1823, Conc MSE: 5780.5670)
Epoch 17/50 [110.9s] | Train Loss: 1924936079991869696.0000 (Recon: 1924932907067979264.0000, Conc MSE: 317064789684.5436) | Val Loss: 3017472403.0753 (Recon: 3017421411.8633, Conc MSE: 5086.5664)
Epoch 18/50 [110.1s] | Train Loss: 1924936075515890176.0000 (Recon: 1924932902995954688.0000, Conc MSE: 317161636076.2850) | Val Loss: 3017469684.5027 (Recon: 3017416270.9855, Conc MSE: 5327.8642)
Epoch 19/50 [111.3s] | Train Loss: 1924936074565011712.0000 (Recon: 1924932899757582080.0000, Conc MSE: 317220876867.9631) | Val Loss: 3017462518.8414 (Recon: 3017415930.8518, Conc MSE: 4646.3624)
Epoch 20/50 [111.5s] | Train Loss: 1924936077290915840.0000 (Recon: 1924932905246221568.0000, Conc MSE: 317123578263.7257) | Val Loss: 3017456891.7612 (Recon: 3017402991.2496, Conc MSE: 5376.0579)
Epoch 21/50 [111.8s] | Train Loss: 1924936074570952192.0000 (Recon: 1924932900900141056.0000, Conc MSE: 317281572582.0915) | Val Loss: 3017448986.4914 (Recon: 3017403004.2438, Conc MSE: 4582.2685)
Epoch 22/50 [110.7s] | Train Loss: 1924936078818816256.0000 (Recon: 1924932905753937664.0000, Conc MSE: 317221881789.7536) | Val Loss: 3017451130.1839 (Recon: 3017402491.8079, Conc MSE: 4844.5064)
Epoch 23/50 [112.0s] | Train Loss: 1924936068357966080.0000 (Recon: 1924932898905712384.0000, Conc MSE: 317153915940.9367) | Val Loss: 3017449824.4898 (Recon: 3017402693.3791, Conc MSE: 4695.9328)
Epoch 24/50 [111.8s] | Train Loss: 1924936074902829056.0000 (Recon: 1924932904998304000.0000, Conc MSE: 317115349924.2632) | Val Loss: 3017442616.5183 (Recon: 3017398587.1685, Conc MSE: 4389.8954)
Epoch 25/50 [111.3s] | Train Loss: 1924936066559970304.0000 (Recon: 1924932896744949248.0000, Conc MSE: 317215288363.1213) | Val Loss: 3017440443.2729 (Recon: 3017397009.6976, Conc MSE: 4328.9660)
Epoch 26/50 [111.6s] | Train Loss: 1924936066670067712.0000 (Recon: 1924932894444781824.0000, Conc MSE: 317112146590.3840) | Val Loss: 3017439627.7024 (Recon: 3017395646.8790, Conc MSE: 4386.8022)
Epoch 27/50 [110.6s] | Train Loss: 1924936068144899584.0000 (Recon: 1924932895018239488.0000, Conc MSE: 317128082385.2198) | Val Loss: 3017440253.1024 (Recon: 3017394402.8620, Conc MSE: 4566.5281)
Epoch 28/50 [110.6s] | Train Loss: 1924936066939371264.0000 (Recon: 1924932895439620096.0000, Conc MSE: 317173748504.1292) | Val Loss: 3017438985.2879 (Recon: 3017394669.6913, Conc MSE: 4422.4491)
Epoch 29/50 [111.1s] | Train Loss: 1924936067144516864.0000 (Recon: 1924932894917646848.0000, Conc MSE: 317150515480.0555) | Val Loss: 3017431937.4033 (Recon: 3017388680.3512, Conc MSE: 4316.0842)
Epoch 30/50 [110.0s] | Train Loss: 1924936071099315456.0000 (Recon: 1924932899601148672.0000, Conc MSE: 317129082463.4222) | Val Loss: 3017432113.9482 (Recon: 3017388736.5858, Conc MSE: 4321.9601)
Epoch 31/50 [111.0s] | Train Loss: 1924936065374243584.0000 (Recon: 1924932894574285056.0000, Conc MSE: 317145418087.9482) | Val Loss: 3017431362.8451 (Recon: 3017389832.3416, Conc MSE: 4143.2825)
Epoch 32/50 [112.3s] | Train Loss: 1924936070875952128.0000 (Recon: 1924932896732275968.0000, Conc MSE: 317184678388.7549) | Val Loss: 3017430953.0925 (Recon: 3017387907.8364, Conc MSE: 4295.8135)
Epoch 33/50 [111.1s] | Train Loss: 1924936069409041152.0000 (Recon: 1924932897658996224.0000, Conc MSE: 317178951902.2338) | Val Loss: 3017430651.5709 (Recon: 3017389325.0130, Conc MSE: 4121.3889)
Epoch 34/50 [109.7s] | Train Loss: 1924936072029203968.0000 (Recon: 1924932900558759424.0000, Conc MSE: 317168038807.9293) | Val Loss: 3017430357.6520 (Recon: 3017388138.7485, Conc MSE: 4205.5113)
Epoch 35/50 [109.3s] | Train Loss: 1924936065426520064.0000 (Recon: 1924932893982213888.0000, Conc MSE: 317185434824.3220) | Val Loss: 3017430215.2282 (Recon: 3017387634.8659, Conc MSE: 4246.9430)
Epoch 36/50 [113.6s] | Train Loss: 1924936071167433472.0000 (Recon: 1924932899881540864.0000, Conc MSE: 317146346533.7511) | Val Loss: 3017429830.6086 (Recon: 3017387909.5715, Conc MSE: 4180.8231)
Epoch 37/50 [111.6s] | Train Loss: 1924936073862842880.0000 (Recon: 1924932902280716800.0000, Conc MSE: 317122872821.2448) | Val Loss: 3017429735.2532 (Recon: 3017387839.5318, Conc MSE: 4180.4151)
Epoch 38/50 [111.0s] | Train Loss: 1924936067059765504.0000 (Recon: 1924932898047109888.0000, Conc MSE: 317156804550.1312) | Val Loss: 3017429738.8160 (Recon: 3017387588.5542, Conc MSE: 4201.5075)
Epoch 39/50 [111.3s] | Train Loss: 1924936068552022784.0000 (Recon: 1924932897966318848.0000, Conc MSE: 317151025485.9114) | Val Loss: 3017429538.8428 (Recon: 3017387312.9068, Conc MSE: 4210.2165)
Epoch 40/50 [111.4s] | Train Loss: 1924936069809827840.0000 (Recon: 1924932895162396160.0000, Conc MSE: 317164192884.7114) | Val Loss: 3017429290.5230 (Recon: 3017387143.1985, Conc MSE: 4204.0313)
Epoch 41/50 [112.1s] | Train Loss: 1924936064272476160.0000 (Recon: 1924932893850730496.0000, Conc MSE: 317139781070.8859) | Val Loss: 3017429042.9101 (Recon: 3017387370.5510, Conc MSE: 4155.4618)
Epoch 42/50 [113.4s] | Train Loss: 1924936068361530368.0000 (Recon: 1924932898810268160.0000, Conc MSE: 317136034039.7750) | Val Loss: 3017429196.5368 (Recon: 3017387709.9408, Conc MSE: 4135.8909)
Epoch 43/50 [112.3s] | Train Loss: 1924936073475917312.0000 (Recon: 1924932900407870464.0000, Conc MSE: 317175793684.2181) | Val Loss: 3017428819.9666 (Recon: 3017387107.9130, Conc MSE: 4156.0654)
Epoch 44/50 [111.5s] | Train Loss: 1924936065038406400.0000 (Recon: 1924932894139043328.0000, Conc MSE: 317111753311.5461) | Val Loss: 3017428662.2008 (Recon: 3017387192.4611, Conc MSE: 4136.4376)
Epoch 45/50 [110.9s] | Train Loss: 1924936058913339904.0000 (Recon: 1924932890592952320.0000, Conc MSE: 317142272590.9987) | Val Loss: 3017428615.7331 (Recon: 3017386913.4302, Conc MSE: 4156.4255)
Epoch 46/50 [111.5s] | Train Loss: 1924936069111619328.0000 (Recon: 1924932896364360192.0000, Conc MSE: 317164395097.2198) | Val Loss: 3017428380.9416 (Recon: 3017387001.5164, Conc MSE: 4126.5084)
Epoch 47/50 [111.8s] | Train Loss: 1924936068720733440.0000 (Recon: 1924932899092640512.0000, Conc MSE: 317146537048.3258) | Val Loss: 3017428405.0819 (Recon: 3017387320.6290, Conc MSE: 4091.2429)
Epoch 48/50 [111.1s] | Train Loss: 1924936063811492096.0000 (Recon: 1924932892525599744.0000, Conc MSE: 317156659936.3259) | Val Loss: 3017428252.6656 (Recon: 3017386981.9979, Conc MSE: 4111.2928)
Epoch 49/50 [111.5s] | Train Loss: 1924936074063236352.0000 (Recon: 1924932902998924800.0000, Conc MSE: 317188963344.7068) | Val Loss: 3017428236.1669 (Recon: 3017387100.4480, Conc MSE: 4100.0794)
Epoch 50/50 [111.6s] | Train Loss: 1924936063372686080.0000 (Recon: 1924932889997712640.0000, Conc MSE: 317127784457.2563) | Val Loss: 3017428046.2948 (Recon: 3017387079.5969, Conc MSE: 4087.2933)

✅ Training Complete. Best Validation Loss: 3017428046.2948

--- Running Evaluation Metrics on Validation Set ---
Element conc_Ba_wt%          | MAE =   4.6160
Element conc_Ca_wt%          | MAE =   2.3047
Element conc_Ce_wt%          | MAE =   6.0388
Element conc_Cr_wt%          | MAE =   0.7987
Element conc_Cs_wt%          | MAE =   0.8116
Element conc_Fe_wt%          | MAE =  42.6609
Element conc_Gd_wt%          | MAE =   3.3471
Element conc_K_wt%           | MAE =  21.0321
Element conc_La_wt%          | MAE =   6.1865
Element conc_Li_wt%          | MAE =  10.8327
Element conc_Mg_wt%          | MAE =   0.5547
Element conc_Mn_wt%          | MAE =   4.3264
Element conc_Nd_wt%          | MAE =   1.2393
Element conc_Ni_wt%          | MAE =   0.8572
Element conc_Sm_wt%          | MAE =   0.4578
Element conc_Sr_wt%          | MAE =   3.5415
Element conc_U_wt%           | MAE =   2.9019
Element conc_Y_wt%           | MAE =  10.2460
Element conc_Cl_wt%          | MAE =  69.6749
Run completed in 95.27 minutes.
